# name: test_parse_lean_algebra_fixture
  list([
    'structure:category_theory.monad.algebra',
    'structure:category_theory.monad.algebra.hom',
    'def:category_theory.monad.algebra.hom.id',
    'def:category_theory.monad.algebra.hom.comp',
    'theorem:category_theory.monad.algebra.comp_eq_comp',
    'theorem:category_theory.monad.algebra.id_eq_id',
    'theorem:category_theory.monad.algebra.id_f',
    'theorem:category_theory.monad.algebra.comp_f',
    'def:category_theory.monad.algebra.iso_mk',
    'def:category_theory.monad.forget',
    'def:category_theory.monad.free',
    'def:category_theory.monad.adj',
    'theorem:category_theory.monad.algebra_iso_of_iso',
    'theorem:category_theory.monad.algebra_epi_of_epi',
    'theorem:category_theory.monad.algebra_mono_of_mono',
    'theorem:category_theory.monad.left_adjoint_forget',
    'theorem:category_theory.monad.of_right_adjoint_forget',
    'def:category_theory.monad.algebra_functor_of_monad_hom',
    'def:category_theory.monad.algebra_functor_of_monad_hom_id',
    'def:category_theory.monad.algebra_functor_of_monad_hom_comp',
    'def:category_theory.monad.algebra_functor_of_monad_hom_eq',
    'def:category_theory.monad.algebra_equiv_of_iso_monads',
    'theorem:category_theory.monad.algebra_equiv_of_iso_monads_comp_forget',
    'structure:category_theory.comonad.coalgebra',
    'structure:category_theory.comonad.coalgebra.hom',
    'def:category_theory.comonad.coalgebra.hom.id',
    'def:category_theory.comonad.coalgebra.hom.comp',
    'theorem:category_theory.comonad.coalgebra.comp_eq_comp',
    'theorem:category_theory.comonad.coalgebra.id_eq_id',
    'theorem:category_theory.comonad.coalgebra.id_f',
    'theorem:category_theory.comonad.coalgebra.comp_f',
    'def:category_theory.comonad.coalgebra.iso_mk',
    'def:category_theory.comonad.forget',
    'def:category_theory.comonad.cofree',
    'def:category_theory.comonad.adj',
    'theorem:category_theory.comonad.coalgebra_iso_of_iso',
    'theorem:category_theory.comonad.algebra_epi_of_epi',
    'theorem:category_theory.comonad.algebra_mono_of_mono',
    'theorem:category_theory.comonad.right_adjoint_forget',
    'theorem:category_theory.comonad.of_left_adjoint_forget',
  ])
# ---
# name: test_parse_lean_cont_mdiff_fixture
  list([
    'def:cont_diff_within_at_prop',
    'theorem:cont_diff_within_at_local_invariant_prop',
    'theorem:cont_diff_within_at_local_invariant_prop_mono',
    'theorem:cont_diff_within_at_local_invariant_prop_id',
    'def:cont_mdiff_within_at',
    'def:smooth_within_at',
    'def:cont_mdiff_at',
    'def:smooth_at',
    'def:cont_mdiff_on',
    'def:smooth_on',
    'def:cont_mdiff',
    'def:smooth',
    'theorem:cont_mdiff.smooth',
    'theorem:smooth.cont_mdiff',
    'theorem:cont_mdiff_on.smooth_on',
    'theorem:smooth_on.cont_mdiff_on',
    'theorem:cont_mdiff_at.smooth_at',
    'theorem:smooth_at.cont_mdiff_at',
    'theorem:cont_mdiff_within_at.smooth_within_at',
    'theorem:smooth_within_at.cont_mdiff_within_at',
    'theorem:cont_mdiff.cont_mdiff_at',
    'theorem:smooth.smooth_at',
    'theorem:cont_mdiff_within_at_univ',
    'theorem:smooth_at_univ',
    'theorem:cont_mdiff_on_univ',
    'theorem:smooth_on_univ',
    'theorem:cont_mdiff_within_at_iff',
    "theorem:cont_mdiff_within_at_iff''",
    'theorem:cont_mdiff_within_at_iff_target',
    'theorem:smooth_within_at_iff',
    'theorem:smooth_within_at_iff_target',
    'theorem:cont_mdiff_at_ext_chart_at',
    "theorem:cont_mdiff_within_at_iff'",
    "theorem:cont_mdiff_at_ext_chart_at'",
    'theorem:cont_mdiff_on_iff',
    'theorem:cont_mdiff_on_iff_target',
    'theorem:smooth_on_iff',
    'theorem:smooth_on_iff_target',
    'theorem:cont_mdiff_iff',
    'theorem:cont_mdiff_iff_target',
    'theorem:smooth_iff',
    'theorem:smooth_iff_target',
    'theorem:cont_mdiff_within_at.of_le',
    'theorem:cont_mdiff_at.of_le',
    'theorem:cont_mdiff_on.of_le',
    'theorem:cont_mdiff.of_le',
    'theorem:cont_mdiff_within_at.of_succ',
    'theorem:cont_mdiff_at.of_succ',
    'theorem:cont_mdiff_on.of_succ',
    'theorem:cont_mdiff.of_succ',
    'theorem:cont_mdiff_within_at.continuous_within_at',
    'theorem:cont_mdiff_at.continuous_at',
    'theorem:cont_mdiff_on.continuous_on',
    'theorem:cont_mdiff.continuous',
    'theorem:cont_mdiff_within_at.mdifferentiable_within_at',
    'theorem:cont_mdiff_at.mdifferentiable_at',
    'theorem:cont_mdiff_on.mdifferentiable_on',
    'theorem:cont_mdiff.mdifferentiable',
    'theorem:smooth.mdifferentiable',
    'theorem:smooth.mdifferentiable_at',
    'theorem:smooth.mdifferentiable_within_at',
    'theorem:cont_mdiff_within_at_top',
    'theorem:cont_mdiff_at_top',
    'theorem:cont_mdiff_on_top',
    'theorem:cont_mdiff_top',
    'theorem:cont_mdiff_within_at_iff_nat',
    'theorem:cont_mdiff_within_at.mono',
    'theorem:cont_mdiff_at.cont_mdiff_within_at',
    'theorem:smooth_at.smooth_within_at',
    'theorem:cont_mdiff_on.mono',
    'theorem:cont_mdiff.cont_mdiff_on',
    'theorem:smooth.smooth_on',
    "theorem:cont_mdiff_within_at_inter'",
    'theorem:cont_mdiff_within_at_inter',
    'theorem:cont_mdiff_within_at.cont_mdiff_at',
    'theorem:smooth_within_at.smooth_at',
    'theorem:cont_mdiff_on_ext_chart_at',
    'theorem:cont_mdiff_within_at_iff_cont_mdiff_on_nhds',
    'theorem:cont_mdiff_at_iff_cont_mdiff_on_nhds',
    'theorem:cont_mdiff_within_at.congr',
    'theorem:cont_mdiff_within_at_congr',
    'theorem:cont_mdiff_within_at.congr_of_eventually_eq',
    'theorem:filter.eventually_eq.cont_mdiff_within_at_iff',
    'theorem:cont_mdiff_at.congr_of_eventually_eq',
    'theorem:filter.eventually_eq.cont_mdiff_at_iff',
    'theorem:cont_mdiff_on.congr',
    'theorem:cont_mdiff_on_congr',
    'theorem:cont_mdiff_on_of_locally_cont_mdiff_on',
    'theorem:cont_mdiff_of_locally_cont_mdiff_on',
    'theorem:cont_mdiff_within_at.comp',
    'theorem:cont_mdiff_on.comp',
    "theorem:cont_mdiff_on.comp'",
    'theorem:cont_mdiff.comp',
    "theorem:cont_mdiff_within_at.comp'",
    'theorem:cont_mdiff_at.comp_cont_mdiff_within_at',
    'theorem:cont_mdiff_at.comp',
    'theorem:cont_mdiff.comp_cont_mdiff_on',
    'theorem:smooth.comp_smooth_on',
    'theorem:cont_mdiff_on.comp_cont_mdiff',
    'theorem:smooth_on.comp_smooth',
    'theorem:cont_mdiff_on_of_mem_maximal_atlas',
    'theorem:cont_mdiff_on_symm_of_mem_maximal_atlas',
    'theorem:cont_mdiff_on_chart',
    'theorem:cont_mdiff_on_chart_symm',
    'theorem:cont_mdiff_id',
    'theorem:smooth_id',
    'theorem:cont_mdiff_on_id',
    'theorem:smooth_on_id',
    'theorem:cont_mdiff_at_id',
    'theorem:smooth_at_id',
    'theorem:cont_mdiff_within_at_id',
    'theorem:smooth_within_at_id',
    'theorem:cont_mdiff_const',
    'theorem:cont_mdiff_one',
    'theorem:smooth_const',
    'theorem:smooth_one',
    'theorem:cont_mdiff_on_const',
    'theorem:cont_mdiff_on_one',
    'theorem:smooth_on_const',
    'theorem:smooth_on_one',
    'theorem:cont_mdiff_at_const',
    'theorem:cont_mdiff_at_one',
    'theorem:smooth_at_const',
    'theorem:smooth_at_one',
    'theorem:cont_mdiff_within_at_const',
    'theorem:cont_mdiff_within_at_one',
    'theorem:smooth_within_at_const',
    'theorem:smooth_within_at_one',
    'theorem:cont_mdiff_of_support',
    'theorem:cont_mdiff_within_at_iff_cont_diff_within_at',
    'theorem:cont_mdiff_at_iff_cont_diff_at',
    'theorem:cont_mdiff_on_iff_cont_diff_on',
    'theorem:cont_mdiff_iff_cont_diff',
    'theorem:cont_mdiff_on.continuous_on_tangent_map_within_aux',
    'theorem:cont_mdiff_on.cont_mdiff_on_tangent_map_within_aux',
    'theorem:cont_mdiff_on.cont_mdiff_on_tangent_map_within',
    'theorem:cont_mdiff_on.continuous_on_tangent_map_within',
    'theorem:cont_mdiff.cont_mdiff_tangent_map',
    'theorem:cont_mdiff.continuous_tangent_map',
    'theorem:basic_smooth_vector_bundle_core.cont_mdiff_proj',
    'theorem:basic_smooth_vector_bundle_core.smooth_proj',
    'theorem:basic_smooth_vector_bundle_core.cont_mdiff_on_proj',
    'theorem:basic_smooth_vector_bundle_core.smooth_on_proj',
    'theorem:basic_smooth_vector_bundle_core.cont_mdiff_at_proj',
    'theorem:basic_smooth_vector_bundle_core.smooth_at_proj',
    'theorem:basic_smooth_vector_bundle_core.cont_mdiff_within_at_proj',
    'theorem:basic_smooth_vector_bundle_core.smooth_within_at_proj',
    'theorem:basic_smooth_vector_bundle_core.smooth_const_section',
    'theorem:tangent_bundle.cont_mdiff_proj',
    'theorem:tangent_bundle.smooth_proj',
    'theorem:tangent_bundle.cont_mdiff_on_proj',
    'theorem:tangent_bundle.smooth_on_proj',
    'theorem:tangent_bundle.cont_mdiff_at_proj',
    'theorem:tangent_bundle.smooth_at_proj',
    'theorem:tangent_bundle.cont_mdiff_within_at_proj',
    'theorem:tangent_bundle.smooth_within_at_proj',
    'def:tangent_bundle.zero_section',
    'theorem:tangent_bundle.smooth_zero_section',
    'theorem:tangent_bundle.tangent_map_tangent_bundle_pure',
    'theorem:cont_mdiff_within_at.prod_mk',
    'theorem:cont_mdiff_within_at.prod_mk_space',
    'theorem:cont_mdiff_at.prod_mk',
    'theorem:cont_mdiff_at.prod_mk_space',
    'theorem:cont_mdiff_on.prod_mk',
    'theorem:cont_mdiff_on.prod_mk_space',
    'theorem:cont_mdiff.prod_mk',
    'theorem:cont_mdiff.prod_mk_space',
    'theorem:smooth_within_at.prod_mk',
    'theorem:smooth_within_at.prod_mk_space',
    'theorem:smooth_at.prod_mk',
    'theorem:smooth_at.prod_mk_space',
    'theorem:smooth_on.prod_mk',
    'theorem:smooth_on.prod_mk_space',
    'theorem:smooth.prod_mk',
    'theorem:smooth.prod_mk_space',
    'theorem:cont_mdiff_within_at_fst',
    'theorem:cont_mdiff_at_fst',
    'theorem:cont_mdiff_on_fst',
    'theorem:cont_mdiff_fst',
    'theorem:smooth_within_at_fst',
    'theorem:smooth_at_fst',
    'theorem:smooth_on_fst',
    'theorem:smooth_fst',
    'theorem:cont_mdiff_within_at_snd',
    'theorem:cont_mdiff_at_snd',
    'theorem:cont_mdiff_on_snd',
    'theorem:cont_mdiff_snd',
    'theorem:smooth_within_at_snd',
    'theorem:smooth_at_snd',
    'theorem:smooth_on_snd',
    'theorem:smooth_snd',
    'theorem:smooth_iff_proj_smooth',
    "theorem:cont_mdiff_within_at.prod_map'",
    'theorem:cont_mdiff_within_at.prod_map',
    'theorem:cont_mdiff_at.prod_map',
    "theorem:cont_mdiff_at.prod_map'",
    'theorem:cont_mdiff_on.prod_map',
    'theorem:cont_mdiff.prod_map',
    'theorem:smooth_within_at.prod_map',
    'theorem:smooth_at.prod_map',
    'theorem:smooth_on.prod_map',
    'theorem:smooth.prod_map',
    'theorem:cont_mdiff_within_at_pi_space',
    'theorem:cont_mdiff_on_pi_space',
    'theorem:cont_mdiff_at_pi_space',
    'theorem:cont_mdiff_pi_space',
    'theorem:smooth_within_at_pi_space',
    'theorem:smooth_on_pi_space',
    'theorem:smooth_at_pi_space',
    'theorem:smooth_pi_space',
    'theorem:continuous_linear_map.cont_mdiff',
    'theorem:smooth_smul',
    'theorem:smooth.smul',
    'theorem:smooth_on.smul',
    'theorem:smooth_at.smul',
  ])
# ---
# name: test_parse_lean_ess_sup_fixture
  list([
    'def:ess_sup',
    'def:ess_inf',
    'theorem:ess_sup_congr_ae',
    'theorem:ess_inf_congr_ae',
    'theorem:ess_sup_eq_Inf',
    'theorem:ess_sup_measure_zero',
    'theorem:ess_inf_measure_zero',
    'theorem:ess_sup_mono_ae',
    'theorem:ess_inf_mono_ae',
    'theorem:ess_sup_const',
    'theorem:ess_sup_le_of_ae_le',
    'theorem:ess_inf_const',
    'theorem:le_ess_inf_of_ae_le',
    'theorem:ess_sup_const_bot',
    'theorem:ess_inf_const_top',
    'theorem:order_iso.ess_sup_apply',
    'theorem:order_iso.ess_inf_apply',
    'theorem:ess_sup_mono_measure',
    "theorem:ess_sup_mono_measure'",
    'theorem:ess_inf_antitone_measure',
    'theorem:ess_sup_smul_measure',
    'theorem:ess_sup_comp_le_ess_sup_map_measure',
    'theorem:measurable_embedding.ess_sup_map_measure',
    'theorem:ess_sup_map_measure_of_measurable',
    'theorem:ess_sup_map_measure',
    'theorem:ae_lt_of_ess_sup_lt',
    'theorem:ae_lt_of_lt_ess_inf',
    'theorem:ess_sup_indicator_eq_ess_sup_restrict',
    'theorem:ennreal.ae_le_ess_sup',
    'theorem:ennreal.ess_sup_eq_zero_iff',
    'theorem:ennreal.ess_sup_const_mul',
    'theorem:ennreal.ess_sup_add_le',
    'theorem:ennreal.ess_sup_liminf_le',
  ])
# ---
# name: test_parse_lean_fermat4_fixture
  list([
    'def:fermat_42',
    'theorem:fermat_42.comm',
    'theorem:fermat_42.mul',
    'theorem:fermat_42.ne_zero',
    'def:fermat_42.minimal',
    'theorem:fermat_42.exists_minimal',
    'theorem:fermat_42.coprime_of_minimal',
    'theorem:fermat_42.minimal_comm',
    'theorem:fermat_42.neg_of_minimal',
    'theorem:fermat_42.exists_odd_minimal',
    'theorem:fermat_42.exists_pos_odd_minimal',
    'theorem:int.coprime_of_sq_sum',
    "theorem:int.coprime_of_sq_sum'",
    'theorem:fermat_42.not_minimal',
    'theorem:not_fermat_42',
    'theorem:not_fermat_4',
  ])
# ---
# name: test_parse_lean_filtered_colimits_fixture
  list([
    'def:SemiRing.filtered_colimits.R',
    'def:SemiRing.filtered_colimits.colimit',
    'def:SemiRing.filtered_colimits.colimit_cocone',
    'def:SemiRing.filtered_colimits.colimit_cocone_is_colimit',
    'def:CommSemiRing.filtered_colimits.R',
    'def:CommSemiRing.filtered_colimits.colimit',
    'def:CommSemiRing.filtered_colimits.colimit_cocone',
    'def:CommSemiRing.filtered_colimits.colimit_cocone_is_colimit',
    'def:Ring.filtered_colimits.R',
    'def:Ring.filtered_colimits.colimit',
    'def:Ring.filtered_colimits.colimit_cocone',
    'def:Ring.filtered_colimits.colimit_cocone_is_colimit',
    'def:CommRing.filtered_colimits.R',
    'def:CommRing.filtered_colimits.colimit',
    'def:CommRing.filtered_colimits.colimit_cocone',
    'def:CommRing.filtered_colimits.colimit_cocone_is_colimit',
  ])
# ---
# name: test_parse_lean_to_additive_fixture
  list([
    'structure:to_additive.value_type',
  ])
# ---
